[www.serombadentals.com/index.html]
[backblue.gif]
[fade.gif]
[index.html]
[www.serombadentals.com/logo.png]
[cdnjs.cloudflare.com/ajax/libs/font-awesome/6.4.0/css/all.min.css]
[www.serombadentals.com/responsive.css]
[www.serombadentals.com/hero-seromba-dentals-nairobi-cbd.png]
[www.serombadentals.com/calendar]
[www.serombadentals.com/about3.jpg]
[www.serombadentals.com/about1.png]
[www.serombadentals.com/about2.png]
[www.serombadentals.com/service-teeth-whitening-nairobi-unique.png]
[www.serombadentals.com/teeth-whitening]
[www.serombadentals.com/service-dental-implants-nairobi-unique.png]
[www.serombadentals.com/dental-implants]
[www.serombadentals.com/service-surgical-implant-placement-nairobi.png]
[www.serombadentals.com/surgical-implant-placement]
[www.serombadentals.com/service-orthodontics-braces-nairobi-unique.png]
[www.serombadentals.com/orthodontics]
[www.serombadentals.com/service-cosmetic-dentistry-nairobi.png]
[www.serombadentals.com/cosmetic-dentistry]
[www.serombadentals.com/service-periodontal-care-nairobi-graphic.png]
[www.serombadentals.com/periodontal-care]
[www.serombadentals.com/service-dental-examinations-nairobi-graphic.png]
[www.serombadentals.com/dental-examinations]
[www.serombadentals.com/service-dental-x-rays-nairobi-graphic.png]
[www.serombadentals.com/dental-x-rays]
[www.serombadentals.com/service-root-canal-treatment-nairobi-graphic.png]
[www.serombadentals.com/root-canal-treatment]
[www.serombadentals.com/service-fillings-extractions-nairobi-graphic.png]
[www.serombadentals.com/dental-fillings-extractions]
[www.serombadentals.com/service-crowns-bridgework-nairobi-graphic.png]
[www.serombadentals.com/dental-crowns-bridgework]
[www.serombadentals.com/service-dentures-nairobi.png]
[www.serombadentals.com/dentures]
[www.serombadentals.com/service-dental-splinting-nairobi.png]
[www.serombadentals.com/dental-splinting]
[www.serombadentals.com/service-pediatric-dentistry-nairobi.png]
[www.serombadentals.com/pediatric-dentistry]
[www.serombadentals.com/old mutual.png]
[www.serombadentals.com/mtiba.png]
[www.serombadentals.com/Kenbright.png]
[www.serombadentals.com/britam.png]
[www.serombadentals.com/AAR-Insurance.jpg]
[www.serombadentals.com/APA-Insurance.png]
[www.serombadentals.com/pacis.png]
[www.serombadentals.com/Kenya-Airways.png]
[www.serombadentals.com/pioneer.png]
[www.serombadentals.com/mua.png]
[www.serombadentals.com/lucent.png]
[www.serombadentals.com/eabl.png]
[www.serombadentals.com/heritage.jpg]
[www.serombadentals.com/mtn.png]
[www.serombadentals.com/liaison.png]
[www.serombadentals.com/kenyanalliance.png]
[www.serombadentals.com/cic.png]
[www.serombadentals.com/star.png]
[www.serombadentals.com/equity-group.jpg]
[www.serombadentals.com/footer-date.js]
[www.serombadentals.com/index.html]
[cdnjs.cloudflare.com/ajax/libs/font-awesome/6.4.0/css/all.min.css]
[www.serombadentals.com/responsive.css]
[www.serombadentals.com/calendar]
[www.serombadentals.com/teeth-whitening]
[www.serombadentals.com/dental-implants]
[www.serombadentals.com/surgical-implant-placement]
[www.serombadentals.com/orthodontics]
[www.serombadentals.com/cosmetic-dentistry]
[assets.calendly.com/assets/external/widget.js]
[www.serombadentals.com/gumcare.jpg]
[www.serombadentals.com/periodontal-care]
[www.serombadentals.com/dental-examinations]
[www.serombadentals.com/dental-x-rays]
[www.serombadentals.com/root-canal-treatment]
[www.serombadentals.com/dental-fillings-extractions]
[www.serombadentals.com/dental-crowns-bridgework]
[www.serombadentals.com/dentures]
[www.serombadentals.com/dental-splinting]
[www.serombadentals.com/pediatric-dentistry]
